// Jest Snapshot v1, https://goo.gl/fbAQLP

exports[`DocSideNav renders correctly 1`] = `
<div>
  <span
    aria-hidden="true"
    class="loading-animation loading-animation-sm"
  />
</div>
`;
